** Drc report for rcbus-ymf262.kicad_pcb **
** Created on 2025-08-20T22:29:14+0000 **

** Found 81 DRC violations **
[via_dangling]: Via is not connected or connected on only one layer
    ; warning
    @(76.7 mm, 156.0 mm): Via [Net-(JP1-Pin_1)] on Front - Back
[via_dangling]: Via is not connected or connected on only one layer
    ; warning
    @(76.7 mm, 146.0 mm): Via [Net-(JP1-Pin_9)] on Front - Back
[via_dangling]: Via is not connected or connected on only one layer
    ; warning
    @(76.7 mm, 148.5 mm): Via [Net-(JP1-Pin_7)] on Front - Back
[via_dangling]: Via is not connected or connected on only one layer
    ; warning
    @(76.280724 mm, 143.919276 mm): Via [Net-(JP1-Pin_11)] on Front - Back
[via_dangling]: Via is not connected or connected on only one layer
    ; warning
    @(76.7 mm, 153.5 mm): Via [Net-(JP1-Pin_3)] on Front - Back
[via_dangling]: Via is not connected or connected on only one layer
    ; warning
    @(76.7 mm, 151.0 mm): Via [Net-(JP1-Pin_5)] on Front - Back
[shorting_items]: Items shorting two nets (nets GND and Net-(JP1-Pin_1))
    ; error
    @(73.4 mm, 156.02 mm): Pad 2 [GND] of R6 on Front
    @(72.9116 mm, 156.067 mm): Track [Net-(JP1-Pin_1)] on Front, length 7.0616 mm
[shorting_items]: Items shorting two nets (nets GND and Net-(JP1-Pin_1))
    ; error
    @(73.4 mm, 156.02 mm): Pad 2 [GND] of R6 on Front
    @(73.4 mm, 156.02 mm): Track [Net-(JP1-Pin_1)] on Front, length 0.5200 mm
[shorting_items]: Items shorting two nets (nets GND and Net-(JP1-Pin_1))
    ; error
    @(73.4 mm, 156.02 mm): Pad 2 [GND] of R6 on Front
    @(73.4 mm, 155.5 mm): Track [Net-(JP1-Pin_1)] on Front, length 1.2379 mm
[shorting_items]: Items shorting two nets (nets GND and Net-(JP1-Pin_1))
    ; error
    @(73.4 mm, 156.02 mm): Pad 2 [GND] of R6 on Front
    @(73.1021 mm, 156.067 mm): Track [Net-(JP1-Pin_1)] on Front, length 0.1905 mm
[shorting_items]: Items shorting two nets (nets GND and Net-(JP1-Pin_1))
    ; error
    @(73.4 mm, 156.02 mm): Pad 2 [GND] of R6 on Front
    @(73.4 mm, 156.02 mm): Track [Net-(JP1-Pin_1)] on Front, length 0.3016 mm
[shorting_items]: Items shorting two nets (nets Net-(JP1-Pin_9) and GND)
    ; error
    @(73.225 mm, 146.06 mm): Track [Net-(JP1-Pin_9)] on Front, length 2.1348 mm
    @(73.225 mm, 146.06 mm): Pad 2 [GND] of R2 on Front
[shorting_items]: Items shorting two nets (nets Net-(JP1-Pin_9) and GND)
    ; error
    @(72.7366 mm, 146.013 mm): Track [Net-(JP1-Pin_9)] on Front, length 7.7236 mm
    @(73.225 mm, 146.06 mm): Pad 2 [GND] of R2 on Front
[shorting_items]: Items shorting two nets (nets GND and Net-(JP1-Pin_9))
    ; error
    @(73.225 mm, 146.06 mm): Pad 2 [GND] of R2 on Front
    @(73.225 mm, 146.06 mm): Track [Net-(JP1-Pin_9)] on Front, length 0.3016 mm
[shorting_items]: Items shorting two nets (nets GND and Net-(JP1-Pin_9))
    ; error
    @(73.225 mm, 146.06 mm): Pad 2 [GND] of R2 on Front
    @(72.9271 mm, 146.013 mm): Track [Net-(JP1-Pin_9)] on Front, length 0.1905 mm
[shorting_items]: Items shorting two nets (nets Net-(JP1-Pin_7) and GND)
    ; error
    @(72.9116 mm, 148.537 mm): Track [Net-(JP1-Pin_7)] on Front, length 0.0789 mm
    @(73.4 mm, 148.49 mm): Pad 2 [GND] of R3 on Front
[shorting_items]: Items shorting two nets (nets Net-(JP1-Pin_7) and GND)
    ; error
    @(72.8327 mm, 148.537 mm): Track [Net-(JP1-Pin_7)] on Front, length 0.0042 mm
    @(73.4 mm, 148.49 mm): Pad 2 [GND] of R3 on Front
[shorting_items]: Items shorting two nets (nets GND and Net-(JP1-Pin_7))
    ; error
    @(73.4 mm, 148.49 mm): Pad 2 [GND] of R3 on Front
    @(73.1021 mm, 148.537 mm): Track [Net-(JP1-Pin_7)] on Front, length 0.1905 mm
[shorting_items]: Items shorting two nets (nets GND and Net-(JP1-Pin_7))
    ; error
    @(73.4 mm, 148.49 mm): Pad 2 [GND] of R3 on Front
    @(73.4 mm, 149.1 mm): Track [Net-(JP1-Pin_7)] on Front, length 0.6100 mm
[shorting_items]: Items shorting two nets (nets GND and Net-(JP1-Pin_7))
    ; error
    @(73.4 mm, 148.49 mm): Pad 2 [GND] of R3 on Front
    @(73.4 mm, 148.49 mm): Track [Net-(JP1-Pin_7)] on Front, length 0.3016 mm
[shorting_items]: Items shorting two nets (nets GND and Net-(JP1-Pin_7))
    ; error
    @(73.4 mm, 148.49 mm): Pad 2 [GND] of R3 on Front
    @(73.7105 mm, 149.4105 mm): Track [Net-(JP1-Pin_7)] on Front, length 0.4391 mm
[shorting_items]: Items shorting two nets (nets GND and Net-(JP1-Pin_7))
    ; error
    @(73.4 mm, 148.49 mm): Pad 2 [GND] of R3 on Front
    @(72.8297 mm, 148.54 mm): Track [Net-(JP1-Pin_7)] on Front, length 7.8297 mm
[shorting_items]: Items shorting two nets (nets Net-(JP1-Pin_11) and GND)
    ; error
    @(72.9294 mm, 143.9368 mm): Track [Net-(JP1-Pin_11)] on Front, length 0.5525 mm
    @(73.225 mm, 143.47 mm): Pad 2 [GND] of R1 on Front
[shorting_items]: Items shorting two nets (nets Net-(JP1-Pin_11) and GND)
    ; error
    @(72.9271 mm, 143.46 mm): Track [Net-(JP1-Pin_11)] on Front, length 0.1905 mm
    @(73.225 mm, 143.47 mm): Pad 2 [GND] of R1 on Front
[shorting_items]: Items shorting two nets (nets Net-(JP1-Pin_11) and GND)
    ; error
    @(72.7366 mm, 143.46 mm): Track [Net-(JP1-Pin_11)] on Front, length 7.7366 mm
    @(73.225 mm, 143.47 mm): Pad 2 [GND] of R1 on Front
[shorting_items]: Items shorting two nets (nets Net-(JP1-Pin_11) and GND)
    ; error
    @(72.9294 mm, 144.7876 mm): Track [Net-(JP1-Pin_11)] on Front, length 0.8508 mm
    @(73.225 mm, 143.47 mm): Pad 2 [GND] of R1 on Front
[shorting_items]: Items shorting two nets (nets GND and Net-(JP1-Pin_3))
    ; error
    @(73.4 mm, 153.51 mm): Pad 2 [GND] of R5 on Front
    @(73.4 mm, 153.51 mm): Track [Net-(JP1-Pin_3)] on Front, length 0.5753 mm
[shorting_items]: Items shorting two nets (nets GND and Net-(JP1-Pin_3))
    ; error
    @(73.4 mm, 153.51 mm): Pad 2 [GND] of R5 on Front
    @(73.7799 mm, 153.078 mm): Track [Net-(JP1-Pin_3)] on Front, length 0.7389 mm
[shorting_items]: Items shorting two nets (nets GND and Net-(JP1-Pin_3))
    ; error
    @(73.4 mm, 153.51 mm): Pad 2 [GND] of R5 on Front
    @(73.4 mm, 153.51 mm): Track [Net-(JP1-Pin_3)] on Front, length 0.3016 mm
[shorting_items]: Items shorting two nets (nets GND and Net-(JP1-Pin_3))
    ; error
    @(73.4 mm, 153.51 mm): Pad 2 [GND] of R5 on Front
    @(73.1021 mm, 153.557 mm): Track [Net-(JP1-Pin_3)] on Front, length 8.0391 mm
[shorting_items]: Items shorting two nets (nets GND and Net-(JP1-Pin_5))
    ; error
    @(73.4 mm, 151.0 mm): Pad 2 [GND] of R4 on Front
    @(73.4 mm, 151.0 mm): Track [Net-(JP1-Pin_5)] on Front, length 1.3018 mm
[shorting_items]: Items shorting two nets (nets GND and Net-(JP1-Pin_5))
    ; error
    @(73.4 mm, 151.0 mm): Pad 2 [GND] of R4 on Front
    @(73.4 mm, 151.0 mm): Track [Net-(JP1-Pin_5)] on Front, length 0.3016 mm
[shorting_items]: Items shorting two nets (nets GND and Net-(JP1-Pin_5))
    ; error
    @(73.4 mm, 151.0 mm): Pad 2 [GND] of R4 on Front
    @(73.1021 mm, 151.047 mm): Track [Net-(JP1-Pin_5)] on Front, length 8.0691 mm
[silk_edge_clearance]: Silkscreen clipped by board edge
    ; warning
    @(155.0 mm, 114.5 mm): Segment on Edge.Cuts
    @(107.75 mm, 114.5 mm): Segment on F.Silkscreen
[silk_edge_clearance]: Silkscreen clipped by board edge
    ; warning
    @(160.5 mm, 164.5 mm): Segment on Edge.Cuts
    @(107.75 mm, 139.75 mm): Segment on F.Silkscreen
[silk_edge_clearance]: Silkscreen clipped by board edge
    ; warning
    @(155.0 mm, 114.5 mm): Segment on Edge.Cuts
    @(125.0 mm, 115.3375 mm): Reference field of C13
[lib_footprint_mismatch]: Footprint 'SOIC-20W_7.5x12.8mm_P1.27mm' does not match copy in library 'Package_SO'.
    ; warning
    @(86.595 mm, 151.85 mm): Footprint U1
[lib_footprint_mismatch]: Footprint 'SOP-24_7.5x15.4mm_P1.27mm' does not match copy in library 'Package_SO'.
    ; warning
    @(121.5 mm, 152.0 mm): Footprint U2
[lib_footprint_mismatch]: Footprint 'SOP-16_4.55x10.3mm_P1.27mm' does not match copy in library 'Package_SO'.
    ; warning
    @(119.0 mm, 140.0 mm): Footprint U3
[lib_footprint_mismatch]: Footprint 'SOIC-14_3.9x8.7mm_P1.27mm' does not match copy in library 'Package_SO'.
    ; warning
    @(119.1375 mm, 125.5 mm): Footprint U4
[lib_footprint_issues]: Footprint 'adlib2' not found in library 'electrified'.
    ; warning
    @(75.5 mm, 128.5 mm): Footprint G1
[text_thickness]: Text thickness out of range (TrueType font characters with insufficient stroke weight)
    ; warning
    @(153.0 mm, 117.0 mm): PCB text 'Audio out' on F.Silkscreen
[text_thickness]: Text thickness out of range (TrueType font characters with insufficient stroke weight)
    ; warning
    @(132.0 mm, 160.0 mm): PCB text 'github.com/electrified/rcbus-ymf262' on B.Silkscreen
[starved_thermal]: Thermal relief connection to zone incomplete (layer Front; zone min spoke count 2; actual 1)
    ; error
    @(161.0 mm, 140.0 mm): Zone [GND] on Front and Back
    @(73.4 mm, 156.02 mm): Pad 2 [GND] of R6 on Front
[starved_thermal]: Thermal relief connection to zone incomplete (layer Front; zone min spoke count 2; actual 1)
    ; error
    @(161.0 mm, 140.0 mm): Zone [GND] on Front and Back
    @(117.75 mm, 117.6375 mm): Pad 2 [GND] of C10 on Front
[silk_over_copper]: Silkscreen clipped by solder mask
    ; warning
    @(114.8375 mm, 118.93 mm): Reference field of R9
[silk_over_copper]: Silkscreen clipped by solder mask
    ; warning
    @(121.32 mm, 118.5 mm): Reference field of R8
[silk_over_copper]: Silkscreen clipped by solder mask
    ; warning
    @(116.32 mm, 118.5 mm): Reference field of C10
[solder_mask_bridge]: Front solder mask aperture bridges items with different nets
    ; error
    @(72.9116 mm, 156.067 mm): Track [Net-(JP1-Pin_1)] on Front, length 7.0616 mm
    @(73.4 mm, 156.02 mm): Pad 2 [GND] of R6 on Front
[solder_mask_bridge]: Front solder mask aperture bridges items with different nets
    ; error
    @(73.4 mm, 156.02 mm): Track [Net-(JP1-Pin_1)] on Front, length 0.5200 mm
    @(73.4 mm, 156.02 mm): Pad 2 [GND] of R6 on Front
[solder_mask_bridge]: Front solder mask aperture bridges items with different nets
    ; error
    @(73.4 mm, 155.5 mm): Track [Net-(JP1-Pin_1)] on Front, length 1.2379 mm
    @(73.4 mm, 156.02 mm): Pad 2 [GND] of R6 on Front
[solder_mask_bridge]: Front solder mask aperture bridges items with different nets
    ; error
    @(73.1021 mm, 156.067 mm): Track [Net-(JP1-Pin_1)] on Front, length 0.1905 mm
    @(73.4 mm, 156.02 mm): Pad 2 [GND] of R6 on Front
[solder_mask_bridge]: Front solder mask aperture bridges items with different nets
    ; error
    @(73.4 mm, 156.02 mm): Track [Net-(JP1-Pin_1)] on Front, length 0.3016 mm
    @(73.4 mm, 156.02 mm): Pad 2 [GND] of R6 on Front
[solder_mask_bridge]: Front solder mask aperture bridges items with different nets
    ; error
    @(73.225 mm, 146.06 mm): Track [Net-(JP1-Pin_9)] on Front, length 2.1348 mm
    @(73.225 mm, 146.06 mm): Pad 2 [GND] of R2 on Front
[solder_mask_bridge]: Front solder mask aperture bridges items with different nets
    ; error
    @(72.7366 mm, 146.013 mm): Track [Net-(JP1-Pin_9)] on Front, length 7.7236 mm
    @(73.225 mm, 146.06 mm): Pad 2 [GND] of R2 on Front
[solder_mask_bridge]: Front solder mask aperture bridges items with different nets
    ; error
    @(73.225 mm, 146.06 mm): Track [Net-(JP1-Pin_9)] on Front, length 0.3016 mm
    @(73.225 mm, 146.06 mm): Pad 2 [GND] of R2 on Front
[solder_mask_bridge]: Front solder mask aperture bridges items with different nets
    ; error
    @(72.9271 mm, 146.013 mm): Track [Net-(JP1-Pin_9)] on Front, length 0.1905 mm
    @(73.225 mm, 146.06 mm): Pad 2 [GND] of R2 on Front
[solder_mask_bridge]: Front solder mask aperture bridges items with different nets
    ; error
    @(72.9116 mm, 148.537 mm): Track [Net-(JP1-Pin_7)] on Front, length 0.0789 mm
    @(73.4 mm, 148.49 mm): Pad 2 [GND] of R3 on Front
[solder_mask_bridge]: Front solder mask aperture bridges items with different nets
    ; error
    @(72.8327 mm, 148.537 mm): Track [Net-(JP1-Pin_7)] on Front, length 0.0042 mm
    @(73.4 mm, 148.49 mm): Pad 2 [GND] of R3 on Front
[solder_mask_bridge]: Front solder mask aperture bridges items with different nets
    ; error
    @(73.1021 mm, 148.537 mm): Track [Net-(JP1-Pin_7)] on Front, length 0.1905 mm
    @(73.4 mm, 148.49 mm): Pad 2 [GND] of R3 on Front
[solder_mask_bridge]: Front solder mask aperture bridges items with different nets
    ; error
    @(73.4 mm, 149.1 mm): Track [Net-(JP1-Pin_7)] on Front, length 0.6100 mm
    @(73.4 mm, 148.49 mm): Pad 2 [GND] of R3 on Front
[solder_mask_bridge]: Front solder mask aperture bridges items with different nets
    ; error
    @(73.4 mm, 148.49 mm): Track [Net-(JP1-Pin_7)] on Front, length 0.3016 mm
    @(73.4 mm, 148.49 mm): Pad 2 [GND] of R3 on Front
[solder_mask_bridge]: Front solder mask aperture bridges items with different nets
    ; error
    @(73.7105 mm, 149.4105 mm): Track [Net-(JP1-Pin_7)] on Front, length 0.4391 mm
    @(73.4 mm, 148.49 mm): Pad 2 [GND] of R3 on Front
[solder_mask_bridge]: Front solder mask aperture bridges items with different nets
    ; error
    @(72.8297 mm, 148.54 mm): Track [Net-(JP1-Pin_7)] on Front, length 7.8297 mm
    @(73.4 mm, 148.49 mm): Pad 2 [GND] of R3 on Front
[solder_mask_bridge]: Front solder mask aperture bridges items with different nets
    ; error
    @(72.9294 mm, 143.9368 mm): Track [Net-(JP1-Pin_11)] on Front, length 0.5525 mm
    @(73.225 mm, 143.47 mm): Pad 2 [GND] of R1 on Front
[solder_mask_bridge]: Front solder mask aperture bridges items with different nets
    ; error
    @(72.9271 mm, 143.46 mm): Track [Net-(JP1-Pin_11)] on Front, length 0.1905 mm
    @(73.225 mm, 143.47 mm): Pad 2 [GND] of R1 on Front
[solder_mask_bridge]: Front solder mask aperture bridges items with different nets
    ; error
    @(72.7366 mm, 143.46 mm): Track [Net-(JP1-Pin_11)] on Front, length 7.7366 mm
    @(73.225 mm, 143.47 mm): Pad 2 [GND] of R1 on Front
[solder_mask_bridge]: Front solder mask aperture bridges items with different nets
    ; error
    @(72.9294 mm, 144.7876 mm): Track [Net-(JP1-Pin_11)] on Front, length 0.8508 mm
    @(73.225 mm, 143.47 mm): Pad 2 [GND] of R1 on Front
[solder_mask_bridge]: Front solder mask aperture bridges items with different nets
    ; error
    @(73.4 mm, 153.51 mm): Track [Net-(JP1-Pin_3)] on Front, length 0.5753 mm
    @(73.4 mm, 153.51 mm): Pad 2 [GND] of R5 on Front
[solder_mask_bridge]: Front solder mask aperture bridges items with different nets
    ; error
    @(73.7799 mm, 153.078 mm): Track [Net-(JP1-Pin_3)] on Front, length 0.7389 mm
    @(73.4 mm, 153.51 mm): Pad 2 [GND] of R5 on Front
[solder_mask_bridge]: Front solder mask aperture bridges items with different nets
    ; error
    @(73.4 mm, 153.51 mm): Track [Net-(JP1-Pin_3)] on Front, length 0.3016 mm
    @(73.4 mm, 153.51 mm): Pad 2 [GND] of R5 on Front
[solder_mask_bridge]: Front solder mask aperture bridges items with different nets
    ; error
    @(73.1021 mm, 153.557 mm): Track [Net-(JP1-Pin_3)] on Front, length 8.0391 mm
    @(73.4 mm, 153.51 mm): Pad 2 [GND] of R5 on Front
[solder_mask_bridge]: Front solder mask aperture bridges items with different nets
    ; error
    @(73.4 mm, 151.0 mm): Track [Net-(JP1-Pin_5)] on Front, length 1.3018 mm
    @(73.4 mm, 151.0 mm): Pad 2 [GND] of R4 on Front
[solder_mask_bridge]: Front solder mask aperture bridges items with different nets
    ; error
    @(73.4 mm, 151.0 mm): Track [Net-(JP1-Pin_5)] on Front, length 0.3016 mm
    @(73.4 mm, 151.0 mm): Pad 2 [GND] of R4 on Front
[solder_mask_bridge]: Front solder mask aperture bridges items with different nets
    ; error
    @(73.1021 mm, 151.047 mm): Track [Net-(JP1-Pin_5)] on Front, length 8.0691 mm
    @(73.4 mm, 151.0 mm): Pad 2 [GND] of R4 on Front
[silk_overlap]: Silkscreen overlap
    ; warning
    @(124.26 mm, 140.0 mm): Segment of U3 on F.Silkscreen
    @(107.75 mm, 139.75 mm): Segment on F.Silkscreen
[silk_overlap]: Silkscreen overlap
    ; warning
    @(107.75 mm, 139.75 mm): Segment on F.Silkscreen
    @(112.9 mm, 140.0 mm): Reference field of U3
[silk_overlap]: Silkscreen overlap
    ; warning
    @(113.74 mm, 140.0 mm): Segment of U3 on F.Silkscreen
    @(107.75 mm, 139.75 mm): Segment on F.Silkscreen
[silk_overlap]: Silkscreen overlap
    ; warning
    @(114.8375 mm, 118.93 mm): Reference field of R9
    @(114.896267 mm, 118.99 mm): Segment of C14 on F.Silkscreen
[silk_overlap]: Silkscreen overlap
    ; warning
    @(120.68 mm, 131.3625 mm): Reference field of C12
    @(120.82 mm, 131.4125 mm): Reference field of R7
[silk_overlap]: Silkscreen overlap
    ; warning
    @(121.32 mm, 118.5 mm): Reference field of R8
    @(121.01 mm, 118.646267 mm): Segment of C9 on F.Silkscreen

** Found 14 unconnected pads **
[unconnected_items]: Missing connection between items
    ; error
    @(133.3174 mm, 147.3556 mm): Track [VCC] on Front, length 0.0177 mm
    @(114.515 mm, 156.65 mm): Track [VCC] on Front, length 0.9291 mm
[unconnected_items]: Missing connection between items
    ; error
    @(73.4 mm, 148.49 mm): Pad 2 [GND] of R3 on Front
    @(73.225 mm, 146.06 mm): Pad 2 [GND] of R2 on Front
[unconnected_items]: Missing connection between items
    ; error
    @(73.4 mm, 153.51 mm): Pad 2 [GND] of R5 on Front
    @(73.4 mm, 156.02 mm): Pad 2 [GND] of R6 on Front
[unconnected_items]: Missing connection between items
    ; error
    @(73.4 mm, 151.0 mm): Pad 2 [GND] of R4 on Front
    @(73.4 mm, 153.51 mm): Pad 2 [GND] of R5 on Front
[unconnected_items]: Missing connection between items
    ; error
    @(73.4 mm, 148.49 mm): Pad 2 [GND] of R3 on Front
    @(73.4 mm, 151.0 mm): Pad 2 [GND] of R4 on Front
[unconnected_items]: Missing connection between items
    ; error
    @(73.225 mm, 143.47 mm): Pad 2 [GND] of R1 on Front
    @(73.225 mm, 146.06 mm): Pad 2 [GND] of R2 on Front
[unconnected_items]: Missing connection between items
    ; error
    @(80.2 mm, 145.0 mm): Pad 2 [GND] of C6 on Front
    @(73.225 mm, 146.06 mm): Pad 2 [GND] of R2 on Front
[unconnected_items]: Missing connection between items
    ; error
    @(128.25 mm, 131.945 mm): Track [+5VA] on Front, length 6.7953 mm
    @(148.5959 mm, 146.5043 mm): Track [+5VA] on Back, length 0.3961 mm
[unconnected_items]: Missing connection between items
    ; error
    @(74.275352 mm, 154.624648 mm): Track [Net-(JP1-Pin_1)] on Front, length 5.5864 mm
    @(75.225 mm, 156.02 mm): Pad 1 [Net-(JP1-Pin_1)] of R6 on Front
[unconnected_items]: Missing connection between items
    ; error
    @(74.7345 mm, 147.5695 mm): Track [Net-(JP1-Pin_9)] on Front, length 4.4350 mm
    @(75.05 mm, 146.06 mm): Track [Net-(JP1-Pin_9)] on Front, length 1.5900 mm
[unconnected_items]: Missing connection between items
    ; error
    @(76.69 mm, 148.49 mm): Track [Net-(JP1-Pin_7)] on Front, length 0.0141 mm
    @(77.522552 mm, 150.709 mm): Track [Net-(JP1-Pin_7)] on Front, length 1.8364 mm
[unconnected_items]: Missing connection between items
    ; error
    @(72.9294 mm, 143.9368 mm): Track [Net-(JP1-Pin_11)] on Front, length 0.5525 mm
    @(75.05 mm, 143.47 mm): Pad 1 [Net-(JP1-Pin_11)] of R1 on Front
[unconnected_items]: Missing connection between items
    ; error
    @(74.3024 mm, 152.5555 mm): Track [Net-(JP1-Pin_3)] on Front, length 3.5866 mm
    @(75.225 mm, 153.51 mm): Pad 1 [Net-(JP1-Pin_3)] of R5 on Front
[unconnected_items]: Missing connection between items
    ; error
    @(75.225 mm, 151.0 mm): Track [Net-(JP1-Pin_5)] on Front, length 1.4750 mm
    @(74.3205 mm, 151.9205 mm): Track [Net-(JP1-Pin_5)] on Front, length 4.8166 mm

** Found 0 Footprint errors **

** End of Report **
